C:\Users\vikas>npm install -g @angular/cli

added 209 packages, and audited 210 packages in 36s

25 packages are looking for funding
  run `npm fund` for details

found 0 vulnerabilities
npm notice
npm notice New minor version of npm available! 8.15.0 -> 8.19.1
npm notice Changelog: https://github.com/npm/cli/releases/tag/v8.19.1
npm notice Run npm install -g npm@8.19.1 to update!
npm notice

C:\Users\vikas>npm install -g npm@8.19.1

added 1 package, and audited 212 packages in 9s

11 packages are looking for funding
  run `npm fund` for details

found 0 vulnerabilities

C:\Users\vikas>node -v
v16.17.0

C:\Users\vikas>angular -v
'angular' is not recognized as an internal or external command,
operable program or batch file.

C:\Users\vikas>ng v
? Would you like to share pseudonymous usage data about this project with the Angular Team
at Google under Google's Privacy Policy at https://policies.google.com/privacy. For more
details and how to change this setting, see https://angular.io/analytics. Yes

Thank you for sharing pseudonymous usage data. Should you change your mind, the following
command will disable this feature entirely:

    ng analytics disable --global

Global setting: enabled
Local setting: No local workspace configuration file.
Effective status: enabled

     _                      _                 ____ _     ___
    / \   _ __   __ _ _   _| | __ _ _ __     / ___| |   |_ _|
   / △ \ | '_ \ / _` | | | | |/ _` | '__|   | |   | |    | |
  / ___ \| | | | (_| | |_| | | (_| | |      | |___| |___ | |
 /_/   \_\_| |_|\__, |\__,_|_|\__,_|_|       \____|_____|___|
                |___/


Angular CLI: 14.2.1
Node: 16.17.0
Package Manager: npm 8.19.1
OS: win32 x64

Angular:
...

Package                      Version
------------------------------------------------------
@angular-devkit/architect    0.1402.1 (cli-only)
@angular-devkit/core         14.2.1 (cli-only)
@angular-devkit/schematics   14.2.1 (cli-only)
@schematics/angular          14.2.1 (cli-only)


C:\Users\vikas>ng new my FirstAngularApp
Error: Unknown argument: FirstAngularApp

C:\Users\vikas>ng new FirstAngularApp
? Would you like to add Angular routing? Yes
? Which stylesheet format would you like to use? CSS
CREATE FirstAngularApp/angular.json (2969 bytes)
CREATE FirstAngularApp/package.json (1048 bytes)
CREATE FirstAngularApp/README.md (1069 bytes)
CREATE FirstAngularApp/tsconfig.json (863 bytes)
CREATE FirstAngularApp/.editorconfig (274 bytes)
CREATE FirstAngularApp/.gitignore (548 bytes)
CREATE FirstAngularApp/.browserslistrc (600 bytes)
CREATE FirstAngularApp/karma.conf.js (1434 bytes)
CREATE FirstAngularApp/tsconfig.app.json (287 bytes)
CREATE FirstAngularApp/tsconfig.spec.json (333 bytes)
CREATE FirstAngularApp/.vscode/extensions.json (130 bytes)
CREATE FirstAngularApp/.vscode/launch.json (474 bytes)
CREATE FirstAngularApp/.vscode/tasks.json (938 bytes)
CREATE FirstAngularApp/src/favicon.ico (948 bytes)
CREATE FirstAngularApp/src/index.html (301 bytes)
CREATE FirstAngularApp/src/main.ts (372 bytes)
CREATE FirstAngularApp/src/polyfills.ts (2338 bytes)
CREATE FirstAngularApp/src/styles.css (80 bytes)
CREATE FirstAngularApp/src/test.ts (749 bytes)
CREATE FirstAngularApp/src/assets/.gitkeep (0 bytes)
CREATE FirstAngularApp/src/environments/environment.prod.ts (51 bytes)
CREATE FirstAngularApp/src/environments/environment.ts (658 bytes)
CREATE FirstAngularApp/src/app/app-routing.module.ts (245 bytes)
CREATE FirstAngularApp/src/app/app.module.ts (393 bytes)
CREATE FirstAngularApp/src/app/app.component.html (23115 bytes)
CREATE FirstAngularApp/src/app/app.component.spec.ts (1100 bytes)
CREATE FirstAngularApp/src/app/app.component.ts (219 bytes)
CREATE FirstAngularApp/src/app/app.component.css (0 bytes)
√ Packages installed successfully.
warning: in the working copy of '.browserslistrc', LF will be replaced by CRLF the next time Git touches it
warning: in the working copy of '.editorconfig', LF will be replaced by CRLF the next time Git touches it
warning: in the working copy of '.gitignore', LF will be replaced by CRLF the next time Git touches it
warning: in the working copy of '.vscode/extensions.json', LF will be replaced by CRLF the next time Git touches it
warning: in the working copy of '.vscode/launch.json', LF will be replaced by CRLF the next time Git touches it
warning: in the working copy of '.vscode/tasks.json', LF will be replaced by CRLF the next time Git touches it
warning: in the working copy of 'README.md', LF will be replaced by CRLF the next time Git touches it
warning: in the working copy of 'angular.json', LF will be replaced by CRLF the next time Git touches it
warning: in the working copy of 'karma.conf.js', LF will be replaced by CRLF the next time Git touches it
warning: in the working copy of 'package-lock.json', LF will be replaced by CRLF the next time Git touches it
warning: in the working copy of 'package.json', LF will be replaced by CRLF the next time Git touches it
warning: in the working copy of 'src/app/app-routing.module.ts', LF will be replaced by CRLF the next time Git touches it
warning: in the working copy of 'src/app/app.component.html', LF will be replaced by CRLF the next time Git touches it
warning: in the working copy of 'src/app/app.component.spec.ts', LF will be replaced by CRLF the next time Git touches it
warning: in the working copy of 'src/app/app.component.ts', LF will be replaced by CRLF the next time Git touches it
warning: in the working copy of 'src/app/app.module.ts', LF will be replaced by CRLF the next time Git touches it
warning: in the working copy of 'src/environments/environment.prod.ts', LF will be replaced by CRLF the next time Git touches it
warning: in the working copy of 'src/environments/environment.ts', LF will be replaced by CRLF the next time Git touches it
warning: in the working copy of 'src/index.html', LF will be replaced by CRLF the next time Git touches it
warning: in the working copy of 'src/main.ts', LF will be replaced by CRLF the next time Git touches it
warning: in the working copy of 'src/polyfills.ts', LF will be replaced by CRLF the next time Git touches it
warning: in the working copy of 'src/styles.css', LF will be replaced by CRLF the next time Git touches it
warning: in the working copy of 'src/test.ts', LF will be replaced by CRLF the next time Git touches it
warning: in the working copy of 'tsconfig.app.json', LF will be replaced by CRLF the next time Git touches it
warning: in the working copy of 'tsconfig.json', LF will be replaced by CRLF the next time Git touches it
warning: in the working copy of 'tsconfig.spec.json', LF will be replaced by CRLF the next time Git touches it
    Successfully initialized git.

C:\Users\vikas>cd FirstAngularApp

C:\Users\vikas\FirstAngularApp>code .

C:\Users\vikas\FirstAngularApp>
